[2026-09-08 13:32:45,515] 1025 httpx - INFO - HTTP Request: GET https://dagshub.com/api/v1/user "HTTP/1.1 200 OK"
[2026-09-08 13:32:45,534] 107 dagshub - INFO - Accessing as nimish2011
[2026-09-08 13:32:46,494] 1025 httpx - INFO - HTTP Request: GET https://dagshub.com/api/v1/repos/nimish2011/Network-Security "HTTP/1.1 200 OK"
[2026-09-08 13:32:47,510] 1025 httpx - INFO - HTTP Request: GET https://dagshub.com/api/v1/user "HTTP/1.1 200 OK"
[2026-09-08 13:32:47,513] 107 dagshub - INFO - Initialized MLflow to track repo "nimish2011/Network-Security"
[2026-09-08 13:32:47,515] 107 dagshub - INFO - Repository nimish2011/Network-Security initialized!
[2026-09-08 13:32:47,515] 18 root - INFO - Initiate the data ingestion
[2026-09-08 13:32:49,638] 57 root - INFO - Performed train test split
[2026-09-08 13:32:49,638] 58 root - INFO - Existed split_data_as_train_test method of Data_Ingestion class
[2026-09-08 13:32:49,638] 63 root - INFO - Exporting train and test file path
[2026-09-08 13:32:49,711] 71 root - INFO - Exported train and test file path
[2026-09-08 13:32:49,712] 20 root - INFO - Data initiation completed
[2026-09-08 13:32:49,721] 25 root - INFO - Initiate the data validation
[2026-09-08 13:32:49,883] 32 root - INFO - Required number of columns: 2
[2026-09-08 13:32:49,883] 33 root - INFO - Data frame has columns: 31
[2026-09-08 13:32:49,883] 32 root - INFO - Required number of columns: 2
[2026-09-08 13:32:49,883] 33 root - INFO - Data frame has columns: 31
[2026-09-08 13:32:50,049] 27 root - INFO - Data validation completed
[2026-09-08 13:32:50,049] 31 root - INFO - Data Transformation started
[2026-09-08 13:32:50,050] 41 root - INFO - Entered initiate_dat_transformation method of DataTransformation class
[2026-09-08 13:32:50,050] 43 root - INFO - Starting data transformation
[2026-09-08 13:32:50,152] 31 root - INFO - Entered get_dat_transformer_object method of transformation class
[2026-09-08 13:32:50,152] 34 root - INFO - Initialize KNNimputer with {'missing_values': nan, 'n_neighbors': 3, 'weights': 'uniform'}
[2026-09-08 13:32:50,174] 50 root - INFO - Entered the save_object method of MainUtils class
[2026-09-08 13:32:50,179] 55 root - INFO - Exited the save_object method of MainUtils class
[2026-09-08 13:32:50,179] 50 root - INFO - Entered the save_object method of MainUtils class
[2026-09-08 13:32:50,183] 55 root - INFO - Exited the save_object method of MainUtils class
[2026-09-08 13:32:50,184] 35 root - INFO - Data Transformation completed
[2026-09-08 13:32:50,185] 37 root - INFO - Model Training Started
[2026-09-08 13:38:18,784] 50 root - INFO - Entered the save_object method of MainUtils class
[2026-09-08 13:38:18,788] 55 root - INFO - Exited the save_object method of MainUtils class
[2026-09-08 13:38:18,788] 50 root - INFO - Entered the save_object method of MainUtils class
[2026-09-08 13:38:18,832] 55 root - INFO - Exited the save_object method of MainUtils class
[2026-09-08 13:38:18,832] 101 root - INFO - Model trainer artifact: ModelTrainerArtifact(trained_model_file_path='Artifacts\\09_08_2026_13_32_35\\model_trainer\\trained_model\\model.pkl', train_metric_artifact=ClassificationMetricArtifact(f1_score=0.9905841854814215, precision_score=0.9878836833602584, recall_score=0.9932994923857869), test_metric_artifact=ClassificationMetricArtifact(f1_score=0.9737585789261203, precision_score=0.9686746987951808, recall_score=0.9788961038961039))
[2026-09-08 13:38:18,837] 41 root - INFO - Model Training artifact created
