[2026-09-08 13:21:46,757] 1025 httpx - INFO - HTTP Request: GET https://dagshub.com/api/v1/user "HTTP/1.1 200 OK"
[2026-09-08 13:21:46,769] 107 dagshub - INFO - Accessing as nimish2011
[2026-09-08 13:21:47,777] 1025 httpx - INFO - HTTP Request: GET https://dagshub.com/api/v1/repos/nimish2011/Network-Security "HTTP/1.1 200 OK"
[2026-09-08 13:21:48,591] 1025 httpx - INFO - HTTP Request: GET https://dagshub.com/api/v1/user "HTTP/1.1 200 OK"
[2026-09-08 13:21:48,594] 107 dagshub - INFO - Initialized MLflow to track repo "nimish2011/Network-Security"
[2026-09-08 13:21:48,595] 107 dagshub - INFO - Repository nimish2011/Network-Security initialized!
[2026-09-08 13:21:48,595] 18 root - INFO - Initiate the data ingestion
[2026-09-08 13:21:50,852] 57 root - INFO - Performed train test split
[2026-09-08 13:21:50,853] 58 root - INFO - Existed split_data_as_train_test method of Data_Ingestion class
[2026-09-08 13:21:50,853] 63 root - INFO - Exporting train and test file path
[2026-09-08 13:21:50,933] 71 root - INFO - Exported train and test file path
[2026-09-08 13:21:50,933] 20 root - INFO - Data initiation completed
[2026-09-08 13:21:50,952] 25 root - INFO - Initiate the data validation
[2026-09-08 13:21:51,061] 32 root - INFO - Required number of columns: 2
[2026-09-08 13:21:51,061] 33 root - INFO - Data frame has columns: 31
[2026-09-08 13:21:51,061] 32 root - INFO - Required number of columns: 2
[2026-09-08 13:21:51,061] 33 root - INFO - Data frame has columns: 31
[2026-09-08 13:21:51,260] 27 root - INFO - Data validation completed
[2026-09-08 13:21:51,261] 31 root - INFO - Data Transformation started
[2026-09-08 13:21:51,261] 41 root - INFO - Entered initiate_dat_transformation method of DataTransformation class
[2026-09-08 13:21:51,261] 43 root - INFO - Starting data transformation
[2026-09-08 13:21:51,354] 31 root - INFO - Entered get_dat_transformer_object method of transformation class
[2026-09-08 13:21:51,354] 34 root - INFO - Initialize KNNimputer with {'missing_values': nan, 'n_neighbors': 3, 'weights': 'uniform'}
[2026-09-08 13:21:51,372] 50 root - INFO - Entered the save_object method of MainUtils class
[2026-09-08 13:21:51,378] 55 root - INFO - Exited the save_object method of MainUtils class
[2026-09-08 13:21:51,379] 35 root - INFO - Data Transformation completed
[2026-09-08 13:21:51,379] 37 root - INFO - Model Training Started
[2026-09-08 13:26:30,029] 50 root - INFO - Entered the save_object method of MainUtils class
[2026-09-08 13:26:30,033] 55 root - INFO - Exited the save_object method of MainUtils class
[2026-09-08 13:26:30,034] 50 root - INFO - Entered the save_object method of MainUtils class
[2026-09-08 13:26:30,083] 55 root - INFO - Exited the save_object method of MainUtils class
[2026-09-08 13:26:30,084] 101 root - INFO - Model trainer artifact: ModelTrainerArtifact(trained_model_file_path='Artifacts\\09_08_2026_13_21_25\\model_trainer\\trained_model\\model.pkl', train_metric_artifact=ClassificationMetricArtifact(f1_score=0.9909928144924602, precision_score=0.9894907033144705, recall_score=0.9924994932090007), test_metric_artifact=ClassificationMetricArtifact(f1_score=0.9753136382031566, precision_score=0.9663191659983962, recall_score=0.9844771241830066))
[2026-09-08 13:26:30,099] 41 root - INFO - Model Training artifact created
